============================= test session starts =============================
platform win32 -- Python 3.13.5, pytest-8.4.2, pluggy-1.5.0
rootdir: C:\Users\johns\Documents\GitHub\Mario
configfile: pyproject.toml
plugins: anyio-4.11.0, cov-7.0.0
collected 263 items

tests\unit\adapters\test_dummy_audio_input.py .                          [  0%]
tests\unit\adapters\test_dummy_audio_output.py .                         [  0%]
tests\unit\adapters\test_vosk_wake_word_adapter.py .                     [  1%]
tests\unit\adapters\test_whisper_adapter.py .                            [  1%]
tests\unit\core\test_core.py ........                                    [  4%]
tests\unit\core\test_core_coverage.py ..........                         [  8%]
tests\unit\services\test_app_factory.py F.                               [  9%]
tests\unit\services\test_conversation_service.py ......                  [ 11%]
tests\unit\services\test_llm_service.py .................                [ 17%]
tests\unit\services\test_project_analyzer_service.py .                   [ 18%]
tests\unit\services\test_services.py .FFF.FFF.FFF.FF.FFFFFFF.FF.FFF..FFF [ 31%]
..                                                                       [ 32%]
tests\unit\services\test_speech_recognition_service.py .........         [ 35%]
tests\unit\services\test_tts_service.py ................                 [ 41%]
tests\unit\services\test_wake_word_service.py .......                    [ 44%]
tests\unit\test_adapters.py EEEEEEEEEE..F..                              [ 50%]
tests\unit\test_adapters_fixed.py .............F.                        [ 55%]
tests\unit\test_config.py FF.F..FFFFFEFFFFFFFFF                          [ 63%]
tests\unit\test_coverage.py ..............................               [ 75%]
tests\unit\test_models.py FFFFFF..FFFFFF.FFFFFF                          [ 83%]
tests\unit\test_modules_coverage.py .......                              [ 85%]
tests\unit\test_recent_features.py ............                          [ 90%]
tests\unit\test_views.py .EEFFFFFFFFFFE                                  [ 95%]
tests\unit\views\test_web_interface_gradio.py ...........                [100%]

============================== warnings summary ===============================
..\..\..\miniconda3\Lib\site-packages\coverage\config.py:346
  C:\Users\johns\miniconda3\Lib\site-packages\coverage\config.py:346: CoverageWarning: Unrecognized option '[tool.coverage.report] missing_cover=' in config file pyproject.toml
    warn(

-- Docs: https://docs.pytest.org/en/stable/how-to/capture-warnings.html
=============================== tests coverage ================================
_______________ coverage: platform win32, python 3.13.5-final-0 _______________

Name                                                   Stmts   Miss Branch BrPart  Cover   Missing
--------------------------------------------------------------------------------------------------
src\adapters\audio_output_speaker.py                      50     50      8      0     0%   1-61
src\adapters\cloud_openai_api.py                          44     44     12      0     0%   1-72
src\adapters\display_epaper.py                            18     18      4      0     0%   3-28
src\adapters\dummy_audio_input.py                          4      0      0      0   100%
src\adapters\dummy_audio_output.py                         5      0      0      0   100%
src\adapters\interfaces.py                                 3      0      0      0   100%
src\adapters\llm_adapter.py                              103    103     28      0     0%   1-180
src\adapters\speech_recognition_simulated_adapter.py      28     15      0      0    46%   13-14, 18-19, 23, 27-30, 34-40, 44
src\adapters\speech_recognition_whisper_adapter.py        66     25     10      3    58%   24-25, 29-41, 47, 54, 71-73, 79, 96-98, 102
src\adapters\vosk_wake_word_adapter.py                   129     96     30      0    21%   40-42, 65-100, 104-125, 129-137, 147-149, 153-181, 185-204
src\controllers\self_improvement_controller.py             8      8      0      0     0%   2-11
src\core\app_factory.py                                   75     35      2      0    55%   84-85, 95-135, 145-182, 188-189, 194-195
src\core\app_runner.py                                   102     85     16      0    14%   22-39, 43, 50-74, 80-121, 128-166
src\core\audio_pipeline.py                                99     53     20      0    42%   47-53, 73-86, 89-91, 95-103, 106-123, 127-141
src\core\conversation_handler.py                          32     23      2      0    26%   15-17, 21, 25-43, 47, 51-52, 56
src\core\exceptions.py                                     3      0      0      0   100%
src\core\intent_router.py                                 10      1      2      1    83%   12
src\core\interface_manager.py                             47     37      2      0    20%   14-17, 21-31, 35-59, 63-69
src\core\llm_service.py                                   17      9      4      0    38%   6, 10, 13-17, 20, 23
src\core\performance_optimizer.py                        356    226    176     37    32%   38-45, 49-52, 56-86, 101-107, 111-118, 122-128, 132-134, 138-147, 151-165, 172, 177, 182, 186-188, 192-193, 195-196, 200-201, 212-215, 224-229, 237-239, 243-255, 264, 267->272, 270, 275-277, 289-290, 293-298, 309, 332-334, 338-350, 361-362, 364, 369-370, 371->376, 377-382, 389-391, 397-404, 411, 416, 418, 424, 427-428, 432-436, 440-441, 443-444, 448-449, 453, 471-515, 520-527, 532-533, 537-538, 551-554, 557, 560, 564-566, 570-574, 578, 588-592
src\core\prompt_manager.py                                72     47     12      1    31%   40-45, 54-58, 67, 116, 128-131, 140, 149, 161, 174-181, 193-202, 216-228
src\core\speech_recognition_service.py                     1      0      0      0   100%
src\core\tts_service.py                                    2      0      0      0   100%
src\core\wake_word_service.py                              2      0      0      0   100%
src\factory.py                                             7      7      2      0     0%   2-11
src\interfaces\microphone_checker.py                      48     31      6      0    31%   30-43, 47-60, 65-66, 82-100, 104, 107, 110
src\interfaces\microphone_status.py                        2      2      0      0     0%   2-4
src\interfaces\speech_recognition.py                      13      5      0      0    62%   10, 14, 18, 22, 26
src\interfaces\wake_word.py                                3      0      0      0   100%
src\main.py                                              194    133     30      0    27%   69-78, 82-83, 87-88, 92-96, 99, 102-108, 112-115, 119, 123, 126, 129, 132, 135, 138-148, 151, 154, 158-218, 221-236, 239, 242, 245, 248, 251-267, 270-280, 283, 286
src\models\audio_device_manager.py                       110     93     32      0    12%   13, 19-47, 54-65, 69-90, 94-112, 116-134, 138-143, 147-151, 155-160, 165-169, 173-177, 181, 188-200
src\models\conversation_state.py                          20      0      0      0   100%
src\models\file_analyzer.py                               58     17     18      2    67%   48-51, 63, 74->69, 84-98, 102-121
src\models\ollama_client.py                              105     86     32      0    14%   20-25, 29-35, 39-49, 53-114, 118-129, 133-145, 149
src\models\settings.py                                    18      0      0      0   100%
src\models\text_to_speech.py                             290    253     60      1    11%   16-21, 38-42, 46, 50-115, 119-167, 171-190, 194-226, 231-260, 265-323, 327-343, 347-385, 389-445, 449-452, 461-474, 478-481
src\services\audio_controller.py                          69     34      2      0    49%   64, 88-93, 97-99, 103, 107, 114-118, 122-126, 133-137, 141, 145, 149, 153, 157, 165-169, 173
src\services\conversation_service.py                      33      6      2      1    80%   48, 56-60
src\services\llm_service.py                              127     31     24      7    74%   17-18, 22, 42, 51, 59->73, 64-65, 68->73, 87-91, 111->110, 159-161, 188-190, 196-201, 207-214
src\services\project_analyzer_service.py                 221     90     62     12    56%   47-48, 66, 89, 122-124, 139->137, 142-146, 159-161, 172, 181-182, 194, 198-200, 217-219, 223-247, 261->270, 266-267, 272-283, 287-289, 318-320, 338-340, 349-351, 366-368, 385-387, 391, 399-411, 415-432, 436-455
src\services\simulated_speech_recognition.py              10      4      0      0    60%   7, 9, 11, 13
src\services\simulated_wake_word_adapter.py               27     12      4      0    48%   29-33, 36-37, 40, 44-45, 48-49
src\services\speech_recognition_service.py                69     24      2      1    65%   57, 59-61, 65-69, 77-79, 86-88, 98-100, 105-107, 112-114
src\services\tts_service.py                              121     49     18      2    59%   13, 18, 56-64, 68-79, 83-89, 93-101, 105-110, 153-155, 179-181
src\services\wake_word_service.py                         42     10      4      2    74%   11-12, 70-71, 88-93
src\utils\audio_player.py                                 89     68     10      0    21%   16-19, 26-31, 35-43, 48-63, 71, 77-96, 104-125, 128, 131
src\utils\audio_utils.py                                  25     15      0      0    40%   13-35, 39, 43
src\utils\error_guard.py                                  69      5     10      4    86%   53, 75-78, 90->92
src\utils\file_analyzer.py                                58     47     18      0    14%   11, 15-51, 59-80, 84-98, 102-121
src\utils\logger.py                                       43      9      2      0    76%   56-59, 78-82
src\utils\monitor\aggregator.py                           11     11      0      0     0%   3-26
src\utils\monitor\base.py                                 11     11      0      0     0%   3-26
src\utils\monitor\collectors.py                           20     20      0      0     0%   3-51
src\utils\monitor\display.py                              23     23      0      0     0%   3-36
src\utils\self_improver.py                               185    185     54      0     0%   1-427
src\utils\setup.py                                        19     15      4      0    17%   6-36
src\utils\system_monitor.py                              415    336    128      4    15%   33-37, 45-55, 59-71, 75-85, 93-112, 119-121, 125-146, 150-161, 165-177, 181-193, 197-211, 218-242, 244->247, 259-261, 273-275, 279-305, 309-316, 320-338, 342-355, 359-381, 385, 394, 423-425, 430-564, 568-599, 603-642, 646-666, 670-693
--------------------------------------------------------------------------------------------------
TOTAL                                                   3831   2507    852     78    31%
Coverage HTML written to dir htmlcov
=========================== short test summary info ===========================
FAILED tests/unit/services/test_app_factory.py::test_create_assistant_happy_path
FAILED tests/unit/services/test_services.py::TestWhisperService::test_whisper_service_init
FAILED tests/unit/services/test_services.py::TestWhisperService::test_transcribe_audio
FAILED tests/unit/services/test_services.py::TestWhisperService::test_load_model
FAILED tests/unit/services/test_services.py::TestTTSService::test_tts_service_init
FAILED tests/unit/services/test_services.py::TestTTSService::test_speak_text
FAILED tests/unit/services/test_services.py::TestTTSService::test_get_available_voices
FAILED tests/unit/services/test_services.py::TestWakeWordService::test_wake_word_service_init
FAILED tests/unit/services/test_services.py::TestWakeWordService::test_process_audio
FAILED tests/unit/services/test_services.py::TestWakeWordService::test_is_speaking
FAILED tests/unit/services/test_services.py::TestSpeechRecognitionService::test_speech_recognition_service_init
FAILED tests/unit/services/test_services.py::TestSpeechRecognitionService::test_listen
FAILED tests/unit/services/test_services.py::TestLLMService::test_llm_service_init
FAILED tests/unit/services/test_services.py::TestLLMService::test_generate - ...
FAILED tests/unit/services/test_services.py::TestLLMService::test_stream_generate
FAILED tests/unit/services/test_services.py::TestSystemMonitor::test_system_monitor_import
FAILED tests/unit/services/test_services.py::TestSystemMonitor::test_system_monitor_init
FAILED tests/unit/services/test_services.py::TestSystemMonitor::test_get_cpu_info
FAILED tests/unit/services/test_services.py::TestSystemMonitor::test_get_memory_info
FAILED tests/unit/services/test_services.py::TestAudioPipeline::test_audio_pipeline_init
FAILED tests/unit/services/test_services.py::TestAudioPipeline::test_process_audio
FAILED tests/unit/services/test_services.py::TestConversationHandler::test_conversation_handler_init
FAILED tests/unit/services/test_services.py::TestConversationHandler::test_process_prompt
FAILED tests/unit/services/test_services.py::TestConversationHandler::test_clear_conversation
FAILED tests/unit/services/test_services.py::TestPromptManager::test_generate_prompt_text
FAILED tests/unit/services/test_services.py::TestPromptManager::test_create_system_personality_prompt
FAILED tests/unit/services/test_services.py::TestPromptManager::test_create_system_instructions
FAILED tests/unit/test_adapters.py::TestOpenAIAPI::test_init - AssertionError...
FAILED tests/unit/test_adapters_fixed.py::TestCoreExceptions::test_exception_initialization
FAILED tests/unit/test_config.py::TestConfigManager::test_config_load - Attri...
FAILED tests/unit/test_config.py::TestConfigManager::test_config_load_defaults
FAILED tests/unit/test_config.py::TestConfigManager::test_config_save - Attri...
FAILED tests/unit/test_config.py::TestSettings::test_settings_voice_names - A...
FAILED tests/unit/test_config.py::TestSettings::test_settings_llm_models - At...
FAILED tests/unit/test_config.py::TestConfigParser::test_parse_audio_settings
FAILED tests/unit/test_config.py::TestConfigParser::test_parse_performance_settings
FAILED tests/unit/test_config.py::TestConfigParser::test_parse_thresholds - A...
FAILED tests/unit/test_config.py::TestConfigEdgeCases::test_empty_config - Fa...
FAILED tests/unit/test_config.py::TestConfigEdgeCases::test_invalid_yaml - Fa...
FAILED tests/unit/test_config.py::TestConfigEdgeCases::test_missing_file - As...
FAILED tests/unit/test_config.py::TestConfigManagerValidation::test_valid_audio_sample_rate
FAILED tests/unit/test_config.py::TestConfigManagerValidation::test_invalid_audio_sample_rate
FAILED tests/unit/test_config.py::TestPerformanceConfig::test_performance_auto_optimize_true
FAILED tests/unit/test_config.py::TestPerformanceConfig::test_performance_thresholds_cpu
FAILED tests/unit/test_config.py::TestConfigLogging::test_logging_levels - At...
FAILED tests/unit/test_config.py::TestConfigLogging::test_logging_level_default
FAILED tests/unit/test_models.py::TestOllamaClient::test_create_client - Asse...
FAILED tests/unit/test_models.py::TestOllamaClient::test_set_base_url - Attri...
FAILED tests/unit/test_models.py::TestOllamaClient::test_set_timeout - Attrib...
FAILED tests/unit/test_models.py::TestOllamaClient::test_generate_response - ...
FAILED tests/unit/test_models.py::TestOllamaClient::test_generate_stream - At...
FAILED tests/unit/test_models.py::TestConversationState::test_conversation_state_init
FAILED tests/unit/test_models.py::TestConversationState::test_add_user_message
FAILED tests/unit/test_models.py::TestConversationState::test_add_assistant_response
FAILED tests/unit/test_models.py::TestConversationState::test_clear_history
FAILED tests/unit/test_models.py::TestConversationState::test_load_history - ...
FAILED tests/unit/test_models.py::TestDataFileAnalyzer::test_analyze_project
FAILED tests/unit/test_models.py::TestDataFileAnalyzer::test_get_file_types
FAILED tests/unit/test_models.py::TestTextToSpeech::test_get_speakers - Attri...
FAILED tests/unit/test_models.py::TestAudioDeviceManager::test_get_cpu_info
FAILED tests/unit/test_models.py::TestAudioDeviceManager::test_get_memory_info
FAILED tests/unit/test_models.py::TestWaveUtils::test_wave_utils_import - Imp...
FAILED tests/unit/test_models.py::TestConfigSettingsTest::test_settings_get_sample_rate
FAILED tests/unit/test_models.py::TestConfigSettingsTest::test_settings_set_sample_rate
FAILED tests/unit/test_views.py::TestWelcomeScreen::test_show_welcome_screen
FAILED tests/unit/test_views.py::TestWelcomeScreen::test_show_main_menu - Nam...
FAILED tests/unit/test_views.py::TestAnalysisManager::test_analysis_manager_import
FAILED tests/unit/test_views.py::TestAnalysisManager::test_analysis_manager_init
FAILED tests/unit/test_views.py::TestAnalysisManager::test_analyze_file - Mod...
FAILED tests/unit/test_views.py::TestEpaperview::test_epaper_view_import -   ...
FAILED tests/unit/test_views.py::TestEpaperview::test_epaper_view_init -   Fi...
FAILED tests/unit/test_views.py::TestInterfaceHelpers::test_interface_helpers_import
FAILED tests/unit/test_views.py::TestInterfaceHelpers::test_format_message - ...
FAILED tests/unit/test_views.py::TestAppInitialization::test_app_factory_import
ERROR tests/unit/test_adapters.py::TestWhisperSpeechRecognition::test_init_with_none_model
ERROR tests/unit/test_adapters.py::TestWhisperSpeechRecognition::test_transcribe_array_with_none_model
ERROR tests/unit/test_adapters.py::TestWhisperSpeechRecognition::test_transcribe_file_with_none_model
ERROR tests/unit/test_adapters.py::TestWhisperSpeechRecognition::test_get_available_models_returns_list
ERROR tests/unit/test_adapters.py::TestVoskWakeWord::test_init_with_model_path
ERROR tests/unit/test_adapters.py::TestVoskWakeWord::test_transcribe_array
ERROR tests/unit/test_adapters.py::TestVoskWakeWord::test_load_model
ERROR tests/unit/test_adapters.py::TestDummyAudioInputMicrophone::test_start
ERROR tests/unit/test_adapters.py::TestDummyAudioInputMicrophone::test_stop
ERROR tests/unit/test_adapters.py::TestDummyAudioInputMicrophone::test_close
ERROR tests/unit/test_config.py::test_config_environment_override
ERROR tests/unit/test_views.py::TestConsoleView::test_console_view_init - Nam...
ERROR tests/unit/test_views.py::TestConsoleView::test_display_message - NameE...
ERROR tests/unit/test_views.py::TestAppInitialization::test_app_factory_create
============ 74 failed, 175 passed, 1 warning, 14 errors in 6.25s =============
